=== compile.sh | bfs/baseline ===
=== arch: sm_86 | 2026-06-06T17:06:47+08:00 ===
=== nvcc: release 13.2 ===

/home/WillFu/parallel/final/HeCBench/experiment-cuda/scripts/../results/bfs/baseline/main.cu(204): warning #1650-D: result of call is not used
    fscanf(fp,"%d",&no_of_nodes);
    ^

Remark: The warnings can be suppressed with "-diag-suppress <warning-number>"

/home/WillFu/parallel/final/HeCBench/experiment-cuda/scripts/../results/bfs/baseline/main.cu(215): warning #1650-D: result of call is not used
      fscanf(fp,"%d %d",&start,&edgeno);
      ^

/home/WillFu/parallel/final/HeCBench/experiment-cuda/scripts/../results/bfs/baseline/main.cu(223): warning #1650-D: result of call is not used
    fscanf(fp,"%d",&source);
    ^

/home/WillFu/parallel/final/HeCBench/experiment-cuda/scripts/../results/bfs/baseline/main.cu(228): warning #1650-D: result of call is not used
    fscanf(fp,"%d",&edge_list_size);
    ^

/home/WillFu/parallel/final/HeCBench/experiment-cuda/scripts/../results/bfs/baseline/main.cu(232): warning #1650-D: result of call is not used
      fscanf(fp,"%d",&id);
      ^

/home/WillFu/parallel/final/HeCBench/experiment-cuda/scripts/../results/bfs/baseline/main.cu(233): warning #1650-D: result of call is not used
      fscanf(fp,"%d",&cost);
      ^

/home/WillFu/parallel/final/HeCBench/experiment-cuda/scripts/../results/bfs/baseline/main.cu(204): warning #1650-D: result of call is not used
    fscanf(fp,"%d",&no_of_nodes);
    ^

Remark: The warnings can be suppressed with "-diag-suppress <warning-number>"

/home/WillFu/parallel/final/HeCBench/experiment-cuda/scripts/../results/bfs/baseline/main.cu(215): warning #1650-D: result of call is not used
      fscanf(fp,"%d %d",&start,&edgeno);
      ^

/home/WillFu/parallel/final/HeCBench/experiment-cuda/scripts/../results/bfs/baseline/main.cu(223): warning #1650-D: result of call is not used
    fscanf(fp,"%d",&source);
    ^

/home/WillFu/parallel/final/HeCBench/experiment-cuda/scripts/../results/bfs/baseline/main.cu(228): warning #1650-D: result of call is not used
    fscanf(fp,"%d",&edge_list_size);
    ^

/home/WillFu/parallel/final/HeCBench/experiment-cuda/scripts/../results/bfs/baseline/main.cu(232): warning #1650-D: result of call is not used
      fscanf(fp,"%d",&id);
      ^

/home/WillFu/parallel/final/HeCBench/experiment-cuda/scripts/../results/bfs/baseline/main.cu(233): warning #1650-D: result of call is not used
      fscanf(fp,"%d",&cost);
      ^

/home/WillFu/parallel/final/HeCBench/experiment-cuda/scripts/../results/bfs/baseline/main.cu: In function ‘int main(int, char**)’:
/home/WillFu/parallel/final/HeCBench/experiment-cuda/scripts/../results/bfs/baseline/main.cu:204:7: warning: ignoring return value of ‘int fscanf(FILE*, const char*, ...)’ declared with attribute ‘warn_unused_result’ [-Wunused-result]
  204 |   fscanf(fp,"%d",&no_of_nodes);
      |   ~~~~^~~~~~~~~~~~~~~~~~~~~~~~
/home/WillFu/parallel/final/HeCBench/experiment-cuda/scripts/../results/bfs/baseline/main.cu:215:7: warning: ignoring return value of ‘int fscanf(FILE*, const char*, ...)’ declared with attribute ‘warn_unused_result’ [-Wunused-result]
  215 |     fscanf(fp,"%d %d",&start,&edgeno);
      |     ~~^~~~~~~~~~~~~~~~~~~~~~~~~~~~~~
/home/WillFu/parallel/final/HeCBench/experiment-cuda/scripts/../results/bfs/baseline/main.cu:223:7: warning: ignoring return value of ‘int fscanf(FILE*, const char*, ...)’ declared with attribute ‘warn_unused_result’ [-Wunused-result]
  223 |   fscanf(fp,"%d",&source);
      |   ~~~~^~~~~~~~~~~~~~~~~~~
/home/WillFu/parallel/final/HeCBench/experiment-cuda/scripts/../results/bfs/baseline/main.cu:228:7: warning: ignoring return value of ‘int fscanf(FILE*, const char*, ...)’ declared with attribute ‘warn_unused_result’ [-Wunused-result]
  228 |   fscanf(fp,"%d",&edge_list_size);
      |   ~~~~^~~~~~~~~~~~~~~~~~~~~~~~~~~
/home/WillFu/parallel/final/HeCBench/experiment-cuda/scripts/../results/bfs/baseline/main.cu:232:7: warning: ignoring return value of ‘int fscanf(FILE*, const char*, ...)’ declared with attribute ‘warn_unused_result’ [-Wunused-result]
  232 |     fscanf(fp,"%d",&id);
      |     ~~^~~~~~~~~~~~~~~
/home/WillFu/parallel/final/HeCBench/experiment-cuda/scripts/../results/bfs/baseline/main.cu:233:7: warning: ignoring return value of ‘int fscanf(FILE*, const char*, ...)’ declared with attribute ‘warn_unused_result’ [-Wunused-result]
  233 |     fscanf(fp,"%d",&cost);
      |     ~~^~~~~~~~~~~~~~~~~

COMPILE: SUCCESS
